********************************************************************************
Field Output Report, written Mon Feb 10 10:20:09 2020

Source 1
---------


********************************************************************************
Field Output Report, written Mon Feb 10 10:20:13 2020

Source 1
---------



********************************************************************************
Field Output Report, written Mon Feb 10 10:20:17 2020

Source 1
---------



********************************************************************************
Field Output Report, written Mon Feb 10 10:20:51 2020

Source 1
---------




********************************************************************************
Field Output Report, written Mon Feb 10 10:20:55 2020

Source 1
---------




********************************************************************************
Field Output Report, written Mon Feb 10 10:20:58 2020

Source 1
---------




********************************************************************************
Field Output Report, written Mon Feb 10 10:21:11 2020

Source 1
---------




********************************************************************************
Field Output Report, written Mon Feb 10 10:21:14 2020

Source 1
---------




********************************************************************************
Field Output Report, written Mon Feb 10 10:21:18 2020

Source 1
---------




